V3 27
FL /home/felipe/Documentos/UTP/Electronica2/DisplayTemperature/BCD.vhd 2012/11/06.16:57:08 O.76xd
EN work/BCD 1355336474 \
      FL /home/felipe/Documentos/UTP/Electronica2/DisplayTemperature/BCD.vhd \
      PB ieee/std_logic_1164 1317710503
AR work/BCD/arch_BCD 1355336475 \
      FL /home/felipe/Documentos/UTP/Electronica2/DisplayTemperature/BCD.vhd \
      EN work/BCD 1355336474
FL /home/felipe/Documentos/UTP/Electronica2/DisplayTemperature/Convertor.vhd 2012/12/05.15:13:18 O.76xd
EN work/Convertor 1355336472 \
      FL /home/felipe/Documentos/UTP/Electronica2/DisplayTemperature/Convertor.vhd \
      PB ieee/std_logic_1164 1317710503 PB ieee/std_logic_arith 1317710504 \
      PB ieee/STD_LOGIC_UNSIGNED 1317710506
AR work/Convertor/arch_Convertor 1355336473 \
      FL /home/felipe/Documentos/UTP/Electronica2/DisplayTemperature/Convertor.vhd \
      EN work/Convertor 1355336472
FL /home/felipe/Documentos/UTP/Electronica2/DisplayTemperature/DisplaySelector.vhd 2012/11/06.17:54:28 O.76xd
EN work/DisplaySelector 1355336478 \
      FL /home/felipe/Documentos/UTP/Electronica2/DisplayTemperature/DisplaySelector.vhd \
      PB ieee/std_logic_1164 1317710503
AR work/DisplaySelector/arch_DisplaySelector 1355336479 \
      FL /home/felipe/Documentos/UTP/Electronica2/DisplayTemperature/DisplaySelector.vhd \
      EN work/DisplaySelector 1355336478
FL /home/felipe/Documentos/UTP/Electronica2/DisplayTemperature/DisplayTemperature.vhd 2012/12/05.15:09:34 O.76xd
EN work/DisplayTemperature 1355336484 \
      FL /home/felipe/Documentos/UTP/Electronica2/DisplayTemperature/DisplayTemperature.vhd \
      PB ieee/std_logic_1164 1317710503
AR work/DisplayTemperature/arch_DisplayTemperature 1355336485 \
      FL /home/felipe/Documentos/UTP/Electronica2/DisplayTemperature/DisplayTemperature.vhd \
      EN work/DisplayTemperature 1355336484 CP Convertor CP BCD CP DivFreq4ms \
      CP DisplaySelector CP divFreq115200 CP ModuloTX
FL /home/felipe/Documentos/UTP/Electronica2/DisplayTemperature/divFreq115200.vhd 2012/12/05.14:30:16 O.76xd
EN work/divFreq115200 1355336480 \
      FL /home/felipe/Documentos/UTP/Electronica2/DisplayTemperature/divFreq115200.vhd \
      PB ieee/std_logic_1164 1317710503
AR work/divFreq115200/arch_divFreq115200 1355336481 \
      FL /home/felipe/Documentos/UTP/Electronica2/DisplayTemperature/divFreq115200.vhd \
      EN work/divFreq115200 1355336480
FL /home/felipe/Documentos/UTP/Electronica2/DisplayTemperature/DivFreq4ms.vhd 2012/11/06.17:12:20 O.76xd
EN work/DivFreq4ms 1355336476 \
      FL /home/felipe/Documentos/UTP/Electronica2/DisplayTemperature/DivFreq4ms.vhd \
      PB ieee/std_logic_1164 1317710503
AR work/DivFreq4ms/arch_DivFreq4ms 1355336477 \
      FL /home/felipe/Documentos/UTP/Electronica2/DisplayTemperature/DivFreq4ms.vhd \
      EN work/DivFreq4ms 1355336476
FL /home/felipe/Documentos/UTP/Electronica2/DisplayTemperature/ModuloTX.vhd 2012/12/11.21:54:18 O.76xd
EN work/ModuloTX 1355336482 \
      FL /home/felipe/Documentos/UTP/Electronica2/DisplayTemperature/ModuloTX.vhd \
      PB ieee/std_logic_1164 1317710503
AR work/ModuloTX/arch_ModulTX 1355336483 \
      FL /home/felipe/Documentos/UTP/Electronica2/DisplayTemperature/ModuloTX.vhd \
      EN work/ModuloTX 1355336482
